1000 100 669
1000 333 691
1000 500 662
1000 750 510
1000 999 197
10000 1000 16882
10000 3333 33614
10000 5000 40099
10000 7500 27799
10000 9999 1456
100000 10000 1207234
100000 33333 2882859
100000 50000 3222525
100000 75000 2415175
100000 99999 12311
300000 30000 10485548
300000 100000 25618846
300000 150000 28818230
300000 225000 21600735
300000 299999 33
